#
# There is insufficient memory for the Java Runtime Environment to continue.
# Native memory allocation (malloc) failed to allocate 1048576 bytes. Error detail: AllocateHeap
# Possible reasons:
#   The system is out of physical RAM or swap space
#   This process is running with CompressedOops enabled, and the Java Heap may be blocking the growth of the native heap
# Possible solutions:
#   Reduce memory load on the system
#   Increase physical memory or swap space
#   Check if swap backing store is full
#   Decrease Java heap size (-Xmx/-Xms)
#   Decrease number of Java threads
#   Decrease Java thread stack sizes (-Xss)
#   Set larger code cache with -XX:ReservedCodeCacheSize=
#   JVM is running with Unscaled Compressed Oops mode in which the Java heap is
#     placed in the first 4GB address space. The Java Heap base address is the
#     maximum limit for the native heap growth. Please use -XX:HeapBaseMinAddress
#     to set the Java Heap base and to place the Java Heap above 4GB virtual address.
# This output file may be truncated or incomplete.
#
#  Out of Memory Error (allocation.cpp:44), pid=7368, tid=20084
#
# JRE version: OpenJDK Runtime Environment Temurin-21.0.9+10 (21.0.9+10) (build 21.0.9+10-LTS)
# Java VM: OpenJDK 64-Bit Server VM Temurin-21.0.9+10 (21.0.9+10-LTS, mixed mode, sharing, tiered, compressed oops, compressed class ptrs, parallel gc, windows-amd64)
# No core dump will be written. Minidumps are not enabled by default on client versions of Windows
#

---------------  S U M M A R Y ------------

Command Line: --add-modules=ALL-SYSTEM --add-opens=java.base/java.util=ALL-UNNAMED --add-opens=java.base/java.lang=ALL-UNNAMED --add-opens=java.base/sun.nio.fs=ALL-UNNAMED -Declipse.application=org.eclipse.jdt.ls.core.id1 -Dosgi.bundles.defaultStartLevel=4 -Declipse.product=org.eclipse.jdt.ls.core.product -Djava.import.generatesMetadataFilesAtProjectRoot=false -DDetectVMInstallationsJob.disabled=true -Dfile.encoding=utf8 -XX:+UseParallelGC -XX:GCTimeRatio=4 -XX:AdaptiveSizePolicyWeight=90 -Dsun.zip.disableMemoryMapping=true -Xmx2G -Xms100m -Xlog:disable -javaagent:c:\Users\ASUS\.vscode\extensions\redhat.java-1.52.0-win32-x64\lombok\lombok-1.18.39-4050.jar -XX:+HeapDumpOnOutOfMemoryError -XX:HeapDumpPath=c:\Users\ASUS\AppData\Roaming\Code\User\workspaceStorage\a459df04ffad5cd8f5565320fc306e84\redhat.java -Daether.dependencyCollector.impl=bf c:\Users\ASUS\.vscode\extensions\redhat.java-1.52.0-win32-x64\server\plugins\org.eclipse.equinox.launcher_1.7.100.v20251111-0406.jar -configuration c:\Users\ASUS\AppData\Roaming\Code\User\globalStorage\redhat.java\1.52.0\config_win -data c:\Users\ASUS\AppData\Roaming\Code\User\workspaceStorage\a459df04ffad5cd8f5565320fc306e84\redhat.java\jdt_ws --pipe=\\.\pipe\lsp-669e2a3931f6360ef66d8020aee90029-sock

Host: 12th Gen Intel(R) Core(TM) i5-1235U, 12 cores, 15G,  Windows 11 , 64 bit Build 22621 (10.0.22621.5415)
Time: Sat Feb 14 21:21:43 2026 SE Asia Standard Time elapsed time: 4608.579908 seconds (0d 1h 16m 48s)

---------------  T H R E A D  ---------------

Current thread (0x0000028477915ee0):  JavaThread "Attach Listener" daemon [_thread_in_vm, id=20084, stack(0x0000008c16300000,0x0000008c16400000) (1024K)]

Stack: [0x0000008c16300000,0x0000008c16400000]
Native frames: (J=compiled Java code, j=interpreted, Vv=VM code, C=native code)
V  [jvm.dll+0x6d6e29]
V  [jvm.dll+0x8b4b76]
V  [jvm.dll+0x8b712e]
V  [jvm.dll+0x8b7813]
V  [jvm.dll+0x283d86]
V  [jvm.dll+0xc1277]
V  [jvm.dll+0x6d76d9]
V  [jvm.dll+0x133466]
V  [jvm.dll+0x3f7ea6]
V  [jvm.dll+0x85e9ad]
V  [jvm.dll+0x6d565d]
C  [ucrtbase.dll+0x29333]
C  [KERNEL32.DLL+0x1259d]
C  [ntdll.dll+0x5af78]


---------------  P R O C E S S  ---------------

Threads class SMR info:
_java_thread_list=0x000002847e7765f0, length=38, elements={
0x000002846df84140, 0x00000284779144b0, 0x0000028475a2c090, 0x0000028475a2d990,
0x0000028477915ee0, 0x0000028477916930, 0x000002847791a950, 0x000002847791dc90,
0x000002847792fab0, 0x0000028477bcf510, 0x0000028477c87f00, 0x000002847c4e4de0,
0x000002847c662920, 0x000002847c77ee40, 0x0000028477b378d0, 0x000002847cf40960,
0x000002847cb34590, 0x000002847c9e9ab0, 0x000002847cd78ed0, 0x000002847cf1c280,
0x000002847cf1dcc0, 0x000002847cf1c910, 0x000002847cf1b560, 0x000002847cf1e9e0,
0x000002847cf1bbf0, 0x000002847e4ee7c0, 0x000002847e4f1c40, 0x000002847e4f3680,
0x000002847e4ee130, 0x000002847e4f22d0, 0x000002847e4f2960, 0x000002847e4f15b0,
0x000002847e4f2ff0, 0x000002847e4efb70, 0x000002847e4f0f20, 0x000002847e4f3d10,
0x000002847e4f0890, 0x000002847e4f43a0
}

Java Threads: ( => current thread )
  0x000002846df84140 JavaThread "main"                              [_thread_blocked, id=7184, stack(0x0000008c15c00000,0x0000008c15d00000) (1024K)]
  0x00000284779144b0 JavaThread "Reference Handler"          daemon [_thread_blocked, id=16588, stack(0x0000008c16000000,0x0000008c16100000) (1024K)]
  0x0000028475a2c090 JavaThread "Finalizer"                  daemon [_thread_blocked, id=11932, stack(0x0000008c16100000,0x0000008c16200000) (1024K)]
  0x0000028475a2d990 JavaThread "Signal Dispatcher"          daemon [_thread_blocked, id=5944, stack(0x0000008c16200000,0x0000008c16300000) (1024K)]
=>0x0000028477915ee0 JavaThread "Attach Listener"            daemon [_thread_in_vm, id=20084, stack(0x0000008c16300000,0x0000008c16400000) (1024K)]
  0x0000028477916930 JavaThread "Service Thread"             daemon [_thread_blocked, id=9996, stack(0x0000008c16400000,0x0000008c16500000) (1024K)]
  0x000002847791a950 JavaThread "Monitor Deflation Thread"   daemon [_thread_blocked, id=11760, stack(0x0000008c16500000,0x0000008c16600000) (1024K)]
  0x000002847791dc90 JavaThread "C2 CompilerThread0"         daemon [_thread_blocked, id=3104, stack(0x0000008c16600000,0x0000008c16700000) (1024K)]
  0x000002847792fab0 JavaThread "C1 CompilerThread0"         daemon [_thread_blocked, id=13548, stack(0x0000008c16700000,0x0000008c16800000) (1024K)]
  0x0000028477bcf510 JavaThread "Common-Cleaner"             daemon [_thread_blocked, id=18788, stack(0x0000008c16900000,0x0000008c16a00000) (1024K)]
  0x0000028477c87f00 JavaThread "Notification Thread"        daemon [_thread_blocked, id=14688, stack(0x0000008c16800000,0x0000008c16900000) (1024K)]
  0x000002847c4e4de0 JavaThread "Active Thread: Equinox Container: c20714ae-c9cc-4d4a-b360-48742f4f78fb"        [_thread_blocked, id=4676, stack(0x0000008c17200000,0x0000008c17300000) (1024K)]
  0x000002847c662920 JavaThread "Refresh Thread: Equinox Container: c20714ae-c9cc-4d4a-b360-48742f4f78fb" daemon [_thread_blocked, id=22116, stack(0x0000008c16a00000,0x0000008c16b00000) (1024K)]
  0x000002847c77ee40 JavaThread "Framework Event Dispatcher: Equinox Container: c20714ae-c9cc-4d4a-b360-48742f4f78fb" daemon [_thread_blocked, id=12456, stack(0x0000008c17300000,0x0000008c17400000) (1024K)]
  0x0000028477b378d0 JavaThread "Start Level: Equinox Container: c20714ae-c9cc-4d4a-b360-48742f4f78fb" daemon [_thread_blocked, id=20816, stack(0x0000008c17400000,0x0000008c17500000) (1024K)]
  0x000002847cf40960 JavaThread "Bundle File Closer"         daemon [_thread_blocked, id=15956, stack(0x0000008c17700000,0x0000008c17800000) (1024K)]
  0x000002847cb34590 JavaThread "SCR Component Actor"        daemon [_thread_blocked, id=2976, stack(0x0000008c15a00000,0x0000008c15b00000) (1024K)]
  0x000002847c9e9ab0 JavaThread "Worker-JM"                         [_thread_blocked, id=2708, stack(0x0000008c17900000,0x0000008c17a00000) (1024K)]
  0x000002847cd78ed0 JavaThread "JNA Cleaner"                daemon [_thread_blocked, id=20900, stack(0x0000008c17800000,0x0000008c17900000) (1024K)]
  0x000002847cf1c280 JavaThread "Worker-0"                          [_thread_blocked, id=21240, stack(0x0000008c17b00000,0x0000008c17c00000) (1024K)]
  0x000002847cf1dcc0 JavaThread "Worker-2"                          [_thread_blocked, id=16672, stack(0x0000008c17d00000,0x0000008c17e00000) (1024K)]
  0x000002847cf1c910 JavaThread "Java indexing"              daemon [_thread_blocked, id=5088, stack(0x0000008c17e00000,0x0000008c17f00000) (1024K)]
  0x000002847cf1b560 JavaThread "Thread-1"                   daemon [_thread_in_native, id=23660, stack(0x0000008c18200000,0x0000008c18300000) (1024K)]
  0x000002847cf1e9e0 JavaThread "Thread-2"                   daemon [_thread_in_native, id=23664, stack(0x0000008c18300000,0x0000008c18400000) (1024K)]
  0x000002847cf1bbf0 JavaThread "Thread-3"                   daemon [_thread_in_native, id=23668, stack(0x0000008c18400000,0x0000008c18500000) (1024K)]
  0x000002847e4ee7c0 JavaThread "Thread-4"                   daemon [_thread_in_native, id=23672, stack(0x0000008c18500000,0x0000008c18600000) (1024K)]
  0x000002847e4f1c40 JavaThread "Thread-5"                   daemon [_thread_in_native, id=23676, stack(0x0000008c18600000,0x0000008c18700000) (1024K)]
  0x000002847e4f3680 JavaThread "Thread-6"                   daemon [_thread_in_native, id=23680, stack(0x0000008c18700000,0x0000008c18800000) (1024K)]
  0x000002847e4ee130 JavaThread "Thread-7"                   daemon [_thread_in_native, id=23684, stack(0x0000008c18800000,0x0000008c18900000) (1024K)]
  0x000002847e4f22d0 JavaThread "Thread-8"                   daemon [_thread_in_native, id=23688, stack(0x0000008c18900000,0x0000008c18a00000) (1024K)]
  0x000002847e4f2960 JavaThread "Thread-9"                   daemon [_thread_in_native, id=23692, stack(0x0000008c18a00000,0x0000008c18b00000) (1024K)]
  0x000002847e4f15b0 JavaThread "Thread-10"                  daemon [_thread_in_native, id=23696, stack(0x0000008c18b00000,0x0000008c18c00000) (1024K)]
  0x000002847e4f2ff0 JavaThread "Thread-11"                  daemon [_thread_in_native, id=23700, stack(0x0000008c18c00000,0x0000008c18d00000) (1024K)]
  0x000002847e4efb70 JavaThread "Thread-12"                  daemon [_thread_in_native, id=23704, stack(0x0000008c18d00000,0x0000008c18e00000) (1024K)]
  0x000002847e4f0f20 JavaThread "Thread-13"                  daemon [_thread_in_native, id=23708, stack(0x0000008c18e00000,0x0000008c18f00000) (1024K)]
  0x000002847e4f3d10 JavaThread "pool-2-thread-1"                   [_thread_blocked, id=23712, stack(0x0000008c18f00000,0x0000008c19000000) (1024K)]
  0x000002847e4f0890 JavaThread "WorkspaceEventsHandler"            [_thread_blocked, id=23792, stack(0x0000008c19000000,0x0000008c19100000) (1024K)]
  0x000002847e4f43a0 JavaThread "pool-1-thread-1"                   [_thread_blocked, id=23796, stack(0x0000008c19100000,0x0000008c19200000) (1024K)]
Total: 38

Other Threads:
  0x0000028475a13b20 VMThread "VM Thread"                           [id=2484, stack(0x0000008c15f00000,0x0000008c16000000) (1024K)]
  0x000002847590ca00 WatcherThread "VM Periodic Task Thread"        [id=8128, stack(0x0000008c15e00000,0x0000008c15f00000) (1024K)]
  0x000002846dfa1470 WorkerThread "GC Thread#0"                     [id=8996, stack(0x0000008c15d00000,0x0000008c15e00000) (1024K)]
  0x000002847c77c760 WorkerThread "GC Thread#1"                     [id=9768, stack(0x0000008c16b00000,0x0000008c16c00000) (1024K)]
  0x000002847c77cb00 WorkerThread "GC Thread#2"                     [id=1420, stack(0x0000008c16c00000,0x0000008c16d00000) (1024K)]
  0x000002847c6d33b0 WorkerThread "GC Thread#3"                     [id=15348, stack(0x0000008c16d00000,0x0000008c16e00000) (1024K)]
  0x000002847c6d3750 WorkerThread "GC Thread#4"                     [id=18420, stack(0x0000008c16e00000,0x0000008c16f00000) (1024K)]
  0x000002847c6d3af0 WorkerThread "GC Thread#5"                     [id=10820, stack(0x0000008c16f00000,0x0000008c17000000) (1024K)]
  0x000002847c54e480 WorkerThread "GC Thread#6"                     [id=7824, stack(0x0000008c17000000,0x0000008c17100000) (1024K)]
  0x000002847c830160 WorkerThread "GC Thread#7"                     [id=22104, stack(0x0000008c17100000,0x0000008c17200000) (1024K)]
  0x000002847c5185a0 WorkerThread "GC Thread#8"                     [id=2044, stack(0x0000008c17500000,0x0000008c17600000) (1024K)]
  0x000002847c519b60 WorkerThread "GC Thread#9"                     [id=23140, stack(0x0000008c17600000,0x0000008c17700000) (1024K)]
Total: 12

Threads with active compile tasks:
Total: 0

VM state: not at safepoint (normal execution)

VM Mutex/Monitor currently owned by a thread: None

Heap address: 0x0000000080000000, size: 2048 MB, Compressed Oops mode: 32-bit

CDS archive(s) mapped at: [0x000002840f000000-0x000002840fba0000-0x000002840fba0000), size 12189696, SharedBaseAddress: 0x000002840f000000, ArchiveRelocationMode: 1.
Compressed class space mapped at: 0x0000028410000000-0x0000028450000000, reserved size: 1073741824
Narrow klass base: 0x000002840f000000, Narrow klass shift: 0, Narrow klass range: 0x100000000

GC Precious Log:
 CardTable entry size: 512
 CPUs: 12 total, 12 available
 Memory: 16078M
 Large Page Support: Disabled
 NUMA Support: Disabled
 Compressed Oops: Enabled (32-bit)
 Alignments: Space 512K, Generation 512K, Heap 2M
 Heap Min Capacity: 100M
 Heap Initial Capacity: 100M
 Heap Max Capacity: 2G
 Pre-touch: Disabled
 Parallel Workers: 10

Heap:
 PSYoungGen      total 2560K, used 2379K [0x00000000d5580000, 0x00000000d5a80000, 0x0000000100000000)
  eden space 2048K, 92% used [0x00000000d5580000,0x00000000d575ad08,0x00000000d5780000)
  from space 512K, 93% used [0x00000000d5880000,0x00000000d58f8010,0x00000000d5900000)
  to   space 1536K, 0% used [0x00000000d5900000,0x00000000d5900000,0x00000000d5a80000)
 ParOldGen       total 955904K, used 955655K [0x0000000080000000, 0x00000000ba580000, 0x00000000d5580000)
  object space 955904K, 99% used [0x0000000080000000,0x00000000ba541cd8,0x00000000ba580000)
 Metaspace       used 68520K, committed 70080K, reserved 1114112K
  class space    used 7204K, committed 7936K, reserved 1048576K

Card table byte_map: [0x000002846d930000,0x000002846dd40000] _byte_map_base: 0x000002846d530000

Marking Bits: (ParMarkBitMap*) 0x00007ffbe74e2460
 Begin Bits: [0x0000028471430000, 0x0000028473430000)
 End Bits:   [0x0000028473430000, 0x0000028475430000)

Polling page: 0x000002846bf70000

Metaspace:

Usage:
  Non-class:     59.88 MB used.
      Class:      7.04 MB used.
       Both:     66.91 MB used.

Virtual space:
  Non-class space:       64.00 MB reserved,      60.69 MB ( 95%) committed,  1 nodes.
      Class space:        1.00 GB reserved,       7.75 MB ( <1%) committed,  1 nodes.
             Both:        1.06 GB reserved,      68.44 MB (  6%) committed. 

Chunk freelists:
   Non-Class:  2.88 MB
       Class:  8.25 MB
        Both:  11.13 MB

MaxMetaspaceSize: unlimited
CompressedClassSpaceSize: 1.00 GB
Initial GC threshold: 21.00 MB
Current GC threshold: 97.31 MB
CDS: on
 - commit_granule_bytes: 65536.
 - commit_granule_words: 8192.
 - virtual_space_node_default_size: 8388608.
 - enlarge_chunks_in_place: 1.
 - use_allocation_guard: 0.


Internal statistics:

num_allocs_failed_limit: 9.
num_arena_births: 1254.
num_arena_deaths: 14.
num_vsnodes_births: 2.
num_vsnodes_deaths: 0.
num_space_committed: 1095.
num_space_uncommitted: 0.
num_chunks_returned_to_freelist: 23.
num_chunks_taken_from_freelist: 4353.
num_chunk_merges: 10.
num_chunk_splits: 2635.
num_chunks_enlarged: 1441.
num_inconsistent_stats: 0.

CodeHeap 'non-profiled nmethods': size=120000Kb used=11933Kb max_used=11933Kb free=108066Kb
 bounds [0x0000028407ad0000, 0x0000028408680000, 0x000002840f000000]
CodeHeap 'profiled nmethods': size=120000Kb used=29707Kb max_used=29707Kb free=90293Kb
 bounds [0x0000028400000000, 0x0000028401d10000, 0x0000028407530000]
CodeHeap 'non-nmethods': size=5760Kb used=1470Kb max_used=1627Kb free=4289Kb
 bounds [0x0000028407530000, 0x00000284077a0000, 0x0000028407ad0000]
CodeCache: size=245760Kb, used=43110Kb, max_used=43267Kb, free=202648Kb
 total_blobs=13161, nmethods=12376, adapters=691, full_count=0
Compilation: enabled, stopped_count=0, restarted_count=0

Compilation events (20 events):
Event: 3261.759 Thread 0x000002847792fab0 13306       3       java.util.logging.Logger::isLoggable (27 bytes)
Event: 3261.763 Thread 0x000002847792fab0 nmethod 13306 0x0000028401cffb10 code [0x0000028401cffcc0, 0x0000028401cffe90]
Event: 3381.765 Thread 0x000002847791dc90 13307       4       java.lang.Thread::interrupted (7 bytes)
Event: 3381.767 Thread 0x000002847791dc90 nmethod 13307 0x0000028408676610 code [0x00000284086767a0, 0x0000028408676858]
Event: 3424.094 Thread 0x000002847792fab0 13308       1       org.eclipse.osgi.internal.location.BasicLocation::isReadOnly (5 bytes)
Event: 3424.095 Thread 0x000002847792fab0 nmethod 13308 0x0000028408676910 code [0x0000028408676aa0, 0x0000028408676b70]
Event: 3582.524 Thread 0x000002847791dc90 13309       4       java.util.concurrent.locks.LockSupport::setBlocker (12 bytes)
Event: 3582.525 Thread 0x000002847791dc90 nmethod 13309 0x0000028408676c10 code [0x0000028408676d80, 0x0000028408676e08]
Event: 3891.782 Thread 0x000002847792fab0 13310       1       com.sun.jna.internal.Cleaner::access$200 (5 bytes)
Event: 3891.788 Thread 0x000002847792fab0 nmethod 13310 0x0000028408676f10 code [0x00000284086770a0, 0x0000028408677150]
Event: 3892.554 Thread 0x000002847792fab0 13311       3       java.lang.ProcessHandleImpl::get (51 bytes)
Event: 3892.574 Thread 0x000002847792fab0 nmethod 13311 0x0000028401cfff90 code [0x0000028401d001a0, 0x0000028401d007a8]
Event: 3892.574 Thread 0x000002847792fab0 13312       3       java.lang.ProcessHandleImpl::isAlive (44 bytes)
Event: 3892.576 Thread 0x000002847792fab0 nmethod 13312 0x0000028401d00a10 code [0x0000028401d00bc0, 0x0000028401d00e20]
Event: 3948.268 Thread 0x000002847792fab0 13313   !   3       org.eclipse.core.runtime.SafeRunner::run (20 bytes)
Event: 3948.269 Thread 0x000002847791dc90 13314       4       java.util.HashMap$Node::setValue (12 bytes)
Event: 3948.269 Thread 0x000002847791dc90 nmethod 13314 0x0000028408677210 code [0x00000284086773a0, 0x0000028408677448]
Event: 3948.303 Thread 0x000002847792fab0 nmethod 13313 0x0000028401d00f10 code [0x0000028401d011a0, 0x0000028401d01be8]
Event: 3948.304 Thread 0x000002847792fab0 13315       3       org.eclipse.core.internal.jobs.DeadlockDetector::indexOf (43 bytes)
Event: 3948.369 Thread 0x000002847792fab0 nmethod 13315 0x0000028401d01f90 code [0x0000028401d02180, 0x0000028401d02938]

GC Heap History (20 events):
Event: 134.657 GC heap before
{Heap before GC invocations=1821 (full 3):
 PSYoungGen      total 2560K, used 2402K [0x00000000d5580000, 0x00000000d5980000, 0x0000000100000000)
  eden space 2048K, 94% used [0x00000000d5580000,0x00000000d57654b8,0x00000000d5780000)
  from space 512K, 90% used [0x00000000d5880000,0x00000000d58f3708,0x00000000d5900000)
  to   space 512K, 0% used [0x00000000d5900000,0x00000000d5900000,0x00000000d5980000)
 ParOldGen       total 954368K, used 954191K [0x0000000080000000, 0x00000000ba400000, 0x00000000d5580000)
  object space 954368K, 99% used [0x0000000080000000,0x00000000ba3d3f40,0x00000000ba400000)
 Metaspace       used 68321K, committed 69888K, reserved 1114112K
  class space    used 7192K, committed 7872K, reserved 1048576K
}
Event: 134.660 GC heap after
{Heap after GC invocations=1821 (full 3):
 PSYoungGen      total 2560K, used 128K [0x00000000d5580000, 0x00000000d5980000, 0x0000000100000000)
  eden space 2048K, 0% used [0x00000000d5580000,0x00000000d5580000,0x00000000d5780000)
  from space 512K, 25% used [0x00000000d5900000,0x00000000d5920000,0x00000000d5980000)
  to   space 512K, 0% used [0x00000000d5880000,0x00000000d5880000,0x00000000d5900000)
 ParOldGen       total 954880K, used 954448K [0x0000000080000000, 0x00000000ba480000, 0x00000000d5580000)
  object space 954880K, 99% used [0x0000000080000000,0x00000000ba4141b0,0x00000000ba480000)
 Metaspace       used 68321K, committed 69888K, reserved 1114112K
  class space    used 7192K, committed 7872K, reserved 1048576K
}
Event: 134.680 GC heap before
{Heap before GC invocations=1822 (full 3):
 PSYoungGen      total 2560K, used 2171K [0x00000000d5580000, 0x00000000d5980000, 0x0000000100000000)
  eden space 2048K, 99% used [0x00000000d5580000,0x00000000d577ed40,0x00000000d5780000)
  from space 512K, 25% used [0x00000000d5900000,0x00000000d5920000,0x00000000d5980000)
  to   space 512K, 0% used [0x00000000d5880000,0x00000000d5880000,0x00000000d5900000)
 ParOldGen       total 954880K, used 954448K [0x0000000080000000, 0x00000000ba480000, 0x00000000d5580000)
  object space 954880K, 99% used [0x0000000080000000,0x00000000ba4141b0,0x00000000ba480000)
 Metaspace       used 68321K, committed 69888K, reserved 1114112K
  class space    used 7192K, committed 7872K, reserved 1048576K
}
Event: 134.682 GC heap after
{Heap after GC invocations=1822 (full 3):
 PSYoungGen      total 2560K, used 160K [0x00000000d5580000, 0x00000000d5980000, 0x0000000100000000)
  eden space 2048K, 0% used [0x00000000d5580000,0x00000000d5580000,0x00000000d5780000)
  from space 512K, 31% used [0x00000000d5880000,0x00000000d58a8000,0x00000000d5900000)
  to   space 512K, 0% used [0x00000000d5900000,0x00000000d5900000,0x00000000d5980000)
 ParOldGen       total 954880K, used 954472K [0x0000000080000000, 0x00000000ba480000, 0x00000000d5580000)
  object space 954880K, 99% used [0x0000000080000000,0x00000000ba41a1b0,0x00000000ba480000)
 Metaspace       used 68321K, committed 69888K, reserved 1114112K
  class space    used 7192K, committed 7872K, reserved 1048576K
}
Event: 134.695 GC heap before
{Heap before GC invocations=1823 (full 3):
 PSYoungGen      total 2560K, used 2208K [0x00000000d5580000, 0x00000000d5980000, 0x0000000100000000)
  eden space 2048K, 100% used [0x00000000d5580000,0x00000000d5780000,0x00000000d5780000)
  from space 512K, 31% used [0x00000000d5880000,0x00000000d58a8000,0x00000000d5900000)
  to   space 512K, 0% used [0x00000000d5900000,0x00000000d5900000,0x00000000d5980000)
 ParOldGen       total 954880K, used 954472K [0x0000000080000000, 0x00000000ba480000, 0x00000000d5580000)
  object space 954880K, 99% used [0x0000000080000000,0x00000000ba41a1b0,0x00000000ba480000)
 Metaspace       used 68321K, committed 69888K, reserved 1114112K
  class space    used 7192K, committed 7872K, reserved 1048576K
}
Event: 134.698 GC heap after
{Heap after GC invocations=1823 (full 3):
 PSYoungGen      total 2560K, used 481K [0x00000000d5580000, 0x00000000d5980000, 0x0000000100000000)
  eden space 2048K, 0% used [0x00000000d5580000,0x00000000d5580000,0x00000000d5780000)
  from space 512K, 94% used [0x00000000d5900000,0x00000000d5978668,0x00000000d5980000)
  to   space 1024K, 0% used [0x00000000d5780000,0x00000000d5780000,0x00000000d5880000)
 ParOldGen       total 954880K, used 954696K [0x0000000080000000, 0x00000000ba480000, 0x00000000d5580000)
  object space 954880K, 99% used [0x0000000080000000,0x00000000ba4521b0,0x00000000ba480000)
 Metaspace       used 68321K, committed 69888K, reserved 1114112K
  class space    used 7192K, committed 7872K, reserved 1048576K
}
Event: 134.715 GC heap before
{Heap before GC invocations=1824 (full 3):
 PSYoungGen      total 2560K, used 2529K [0x00000000d5580000, 0x00000000d5980000, 0x0000000100000000)
  eden space 2048K, 100% used [0x00000000d5580000,0x00000000d5780000,0x00000000d5780000)
  from space 512K, 94% used [0x00000000d5900000,0x00000000d5978668,0x00000000d5980000)
  to   space 1024K, 0% used [0x00000000d5780000,0x00000000d5780000,0x00000000d5880000)
 ParOldGen       total 954880K, used 954696K [0x0000000080000000, 0x00000000ba480000, 0x00000000d5580000)
  object space 954880K, 99% used [0x0000000080000000,0x00000000ba4521b0,0x00000000ba480000)
 Metaspace       used 68321K, committed 69888K, reserved 1114112K
  class space    used 7192K, committed 7872K, reserved 1048576K
}
Event: 134.717 GC heap after
{Heap after GC invocations=1824 (full 3):
 PSYoungGen      total 3072K, used 288K [0x00000000d5580000, 0x00000000d5980000, 0x0000000100000000)
  eden space 2048K, 0% used [0x00000000d5580000,0x00000000d5580000,0x00000000d5780000)
  from space 1024K, 28% used [0x00000000d5780000,0x00000000d57c8000,0x00000000d5880000)
  to   space 512K, 0% used [0x00000000d5900000,0x00000000d5900000,0x00000000d5980000)
 ParOldGen       total 954880K, used 954760K [0x0000000080000000, 0x00000000ba480000, 0x00000000d5580000)
  object space 954880K, 99% used [0x0000000080000000,0x00000000ba4621b0,0x00000000ba480000)
 Metaspace       used 68321K, committed 69888K, reserved 1114112K
  class space    used 7192K, committed 7872K, reserved 1048576K
}
Event: 134.967 GC heap before
{Heap before GC invocations=1825 (full 3):
 PSYoungGen      total 3072K, used 2334K [0x00000000d5580000, 0x00000000d5980000, 0x0000000100000000)
  eden space 2048K, 99% used [0x00000000d5580000,0x00000000d577f9b0,0x00000000d5780000)
  from space 1024K, 28% used [0x00000000d5780000,0x00000000d57c8000,0x00000000d5880000)
  to   space 512K, 0% used [0x00000000d5900000,0x00000000d5900000,0x00000000d5980000)
 ParOldGen       total 954880K, used 954760K [0x0000000080000000, 0x00000000ba480000, 0x00000000d5580000)
  object space 954880K, 99% used [0x0000000080000000,0x00000000ba4621b0,0x00000000ba480000)
 Metaspace       used 68351K, committed 69952K, reserved 1114112K
  class space    used 7194K, committed 7872K, reserved 1048576K
}
Event: 134.970 GC heap after
{Heap after GC invocations=1825 (full 3):
 PSYoungGen      total 2560K, used 254K [0x00000000d5580000, 0x00000000d5980000, 0x0000000100000000)
  eden space 2048K, 0% used [0x00000000d5580000,0x00000000d5580000,0x00000000d5780000)
  from space 512K, 49% used [0x00000000d5900000,0x00000000d593fb18,0x00000000d5980000)
  to   space 512K, 0% used [0x00000000d5880000,0x00000000d5880000,0x00000000d5900000)
 ParOldGen       total 954880K, used 954848K [0x0000000080000000, 0x00000000ba480000, 0x00000000d5580000)
  object space 954880K, 99% used [0x0000000080000000,0x00000000ba4781b0,0x00000000ba480000)
 Metaspace       used 68351K, committed 69952K, reserved 1114112K
  class space    used 7194K, committed 7872K, reserved 1048576K
}
Event: 135.330 GC heap before
{Heap before GC invocations=1826 (full 3):
 PSYoungGen      total 2560K, used 2302K [0x00000000d5580000, 0x00000000d5980000, 0x0000000100000000)
  eden space 2048K, 100% used [0x00000000d5580000,0x00000000d5780000,0x00000000d5780000)
  from space 512K, 49% used [0x00000000d5900000,0x00000000d593fb18,0x00000000d5980000)
  to   space 512K, 0% used [0x00000000d5880000,0x00000000d5880000,0x00000000d5900000)
 ParOldGen       total 954880K, used 954848K [0x0000000080000000, 0x00000000ba480000, 0x00000000d5580000)
  object space 954880K, 99% used [0x0000000080000000,0x00000000ba4781b0,0x00000000ba480000)
 Metaspace       used 68362K, committed 69952K, reserved 1114112K
  class space    used 7194K, committed 7872K, reserved 1048576K
}
Event: 135.333 GC heap after
{Heap after GC invocations=1826 (full 3):
 PSYoungGen      total 2560K, used 492K [0x00000000d5580000, 0x00000000d5980000, 0x0000000100000000)
  eden space 2048K, 0% used [0x00000000d5580000,0x00000000d5580000,0x00000000d5780000)
  from space 512K, 96% used [0x00000000d5880000,0x00000000d58fb028,0x00000000d5900000)
  to   space 512K, 0% used [0x00000000d5900000,0x00000000d5900000,0x00000000d5980000)
 ParOldGen       total 955392K, used 954951K [0x0000000080000000, 0x00000000ba500000, 0x00000000d5580000)
  object space 955392K, 99% used [0x0000000080000000,0x00000000ba491cc8,0x00000000ba500000)
 Metaspace       used 68362K, committed 69952K, reserved 1114112K
  class space    used 7194K, committed 7872K, reserved 1048576K
}
Event: 135.590 GC heap before
{Heap before GC invocations=1827 (full 3):
 PSYoungGen      total 2560K, used 2540K [0x00000000d5580000, 0x00000000d5980000, 0x0000000100000000)
  eden space 2048K, 100% used [0x00000000d5580000,0x00000000d5780000,0x00000000d5780000)
  from space 512K, 96% used [0x00000000d5880000,0x00000000d58fb028,0x00000000d5900000)
  to   space 512K, 0% used [0x00000000d5900000,0x00000000d5900000,0x00000000d5980000)
 ParOldGen       total 955392K, used 954951K [0x0000000080000000, 0x00000000ba500000, 0x00000000d5580000)
  object space 955392K, 99% used [0x0000000080000000,0x00000000ba491cc8,0x00000000ba500000)
 Metaspace       used 68363K, committed 69952K, reserved 1114112K
  class space    used 7194K, committed 7872K, reserved 1048576K
}
Event: 135.593 GC heap after
{Heap after GC invocations=1827 (full 3):
 PSYoungGen      total 2560K, used 256K [0x00000000d5580000, 0x00000000d5980000, 0x0000000100000000)
  eden space 2048K, 0% used [0x00000000d5580000,0x00000000d5580000,0x00000000d5780000)
  from space 512K, 50% used [0x00000000d5900000,0x00000000d5940000,0x00000000d5980000)
  to   space 512K, 0% used [0x00000000d5880000,0x00000000d5880000,0x00000000d5900000)
 ParOldGen       total 955392K, used 955015K [0x0000000080000000, 0x00000000ba500000, 0x00000000d5580000)
  object space 955392K, 99% used [0x0000000080000000,0x00000000ba4a1cc8,0x00000000ba500000)
 Metaspace       used 68363K, committed 69952K, reserved 1114112K
  class space    used 7194K, committed 7872K, reserved 1048576K
}
Event: 135.763 GC heap before
{Heap before GC invocations=1828 (full 3):
 PSYoungGen      total 2560K, used 2303K [0x00000000d5580000, 0x00000000d5980000, 0x0000000100000000)
  eden space 2048K, 99% used [0x00000000d5580000,0x00000000d577fff8,0x00000000d5780000)
  from space 512K, 50% used [0x00000000d5900000,0x00000000d5940000,0x00000000d5980000)
  to   space 512K, 0% used [0x00000000d5880000,0x00000000d5880000,0x00000000d5900000)
 ParOldGen       total 955392K, used 955015K [0x0000000080000000, 0x00000000ba500000, 0x00000000d5580000)
  object space 955392K, 99% used [0x0000000080000000,0x00000000ba4a1cc8,0x00000000ba500000)
 Metaspace       used 68391K, committed 69952K, reserved 1114112K
  class space    used 7195K, committed 7872K, reserved 1048576K
}
Event: 135.766 GC heap after
{Heap after GC invocations=1828 (full 3):
 PSYoungGen      total 2560K, used 320K [0x00000000d5580000, 0x00000000d5980000, 0x0000000100000000)
  eden space 2048K, 0% used [0x00000000d5580000,0x00000000d5580000,0x00000000d5780000)
  from space 512K, 62% used [0x00000000d5880000,0x00000000d58d0000,0x00000000d5900000)
  to   space 512K, 0% used [0x00000000d5900000,0x00000000d5900000,0x00000000d5980000)
 ParOldGen       total 955392K, used 955047K [0x0000000080000000, 0x00000000ba500000, 0x00000000d5580000)
  object space 955392K, 99% used [0x0000000080000000,0x00000000ba4a9cc8,0x00000000ba500000)
 Metaspace       used 68391K, committed 69952K, reserved 1114112K
  class space    used 7195K, committed 7872K, reserved 1048576K
}
Event: 135.869 GC heap before
{Heap before GC invocations=1829 (full 3):
 PSYoungGen      total 2560K, used 2368K [0x00000000d5580000, 0x00000000d5980000, 0x0000000100000000)
  eden space 2048K, 100% used [0x00000000d5580000,0x00000000d5780000,0x00000000d5780000)
  from space 512K, 62% used [0x00000000d5880000,0x00000000d58d0000,0x00000000d5900000)
  to   space 512K, 0% used [0x00000000d5900000,0x00000000d5900000,0x00000000d5980000)
 ParOldGen       total 955392K, used 955047K [0x0000000080000000, 0x00000000ba500000, 0x00000000d5580000)
  object space 955392K, 99% used [0x0000000080000000,0x00000000ba4a9cc8,0x00000000ba500000)
 Metaspace       used 68420K, committed 70016K, reserved 1114112K
  class space    used 7197K, committed 7872K, reserved 1048576K
}
Event: 135.871 GC heap after
{Heap after GC invocations=1829 (full 3):
 PSYoungGen      total 2560K, used 288K [0x00000000d5580000, 0x00000000d5980000, 0x0000000100000000)
  eden space 2048K, 0% used [0x00000000d5580000,0x00000000d5580000,0x00000000d5780000)
  from space 512K, 56% used [0x00000000d5900000,0x00000000d5948000,0x00000000d5980000)
  to   space 512K, 0% used [0x00000000d5880000,0x00000000d5880000,0x00000000d5900000)
 ParOldGen       total 955392K, used 955183K [0x0000000080000000, 0x00000000ba500000, 0x00000000d5580000)
  object space 955392K, 99% used [0x0000000080000000,0x00000000ba4cbcc8,0x00000000ba500000)
 Metaspace       used 68420K, committed 70016K, reserved 1114112K
  class space    used 7197K, committed 7872K, reserved 1048576K
}
Event: 135.939 GC heap before
{Heap before GC invocations=1830 (full 3):
 PSYoungGen      total 2560K, used 2161K [0x00000000d5580000, 0x00000000d5980000, 0x0000000100000000)
  eden space 2048K, 91% used [0x00000000d5580000,0x00000000d5754418,0x00000000d5780000)
  from space 512K, 56% used [0x00000000d5900000,0x00000000d5948000,0x00000000d5980000)
  to   space 512K, 0% used [0x00000000d5880000,0x00000000d5880000,0x00000000d5900000)
 ParOldGen       total 955392K, used 955183K [0x0000000080000000, 0x00000000ba500000, 0x00000000d5580000)
  object space 955392K, 99% used [0x0000000080000000,0x00000000ba4cbcc8,0x00000000ba500000)
 Metaspace       used 68459K, committed 70080K, reserved 1114112K
  class space    used 7203K, committed 7936K, reserved 1048576K
}
Event: 135.942 GC heap after
{Heap after GC invocations=1830 (full 3):
 PSYoungGen      total 2560K, used 480K [0x00000000d5580000, 0x00000000d5a80000, 0x0000000100000000)
  eden space 2048K, 0% used [0x00000000d5580000,0x00000000d5580000,0x00000000d5780000)
  from space 512K, 93% used [0x00000000d5880000,0x00000000d58f8010,0x00000000d5900000)
  to   space 1536K, 0% used [0x00000000d5900000,0x00000000d5900000,0x00000000d5a80000)
 ParOldGen       total 955904K, used 955655K [0x0000000080000000, 0x00000000ba580000, 0x00000000d5580000)
  object space 955904K, 99% used [0x0000000080000000,0x00000000ba541cd8,0x00000000ba580000)
 Metaspace       used 68459K, committed 70080K, reserved 1114112K
  class space    used 7203K, committed 7936K, reserved 1048576K
}

Dll operation events (12 events):
Event: 0.461 Loaded shared library c:\Users\ASUS\.vscode\extensions\redhat.java-1.52.0-win32-x64\jre\21.0.9-win32-x86_64\bin\java.dll
Event: 0.762 Loaded shared library c:\Users\ASUS\.vscode\extensions\redhat.java-1.52.0-win32-x64\jre\21.0.9-win32-x86_64\bin\zip.dll
Event: 0.803 Loaded shared library C:\Users\ASUS\.vscode\extensions\redhat.java-1.52.0-win32-x64\jre\21.0.9-win32-x86_64\bin\instrument.dll
Event: 0.915 Loaded shared library C:\Users\ASUS\.vscode\extensions\redhat.java-1.52.0-win32-x64\jre\21.0.9-win32-x86_64\bin\net.dll
Event: 1.006 Loaded shared library C:\Users\ASUS\.vscode\extensions\redhat.java-1.52.0-win32-x64\jre\21.0.9-win32-x86_64\bin\nio.dll
Event: 1.012 Loaded shared library C:\Users\ASUS\.vscode\extensions\redhat.java-1.52.0-win32-x64\jre\21.0.9-win32-x86_64\bin\zip.dll
Event: 1.052 Loaded shared library C:\Users\ASUS\.vscode\extensions\redhat.java-1.52.0-win32-x64\jre\21.0.9-win32-x86_64\bin\jimage.dll
Event: 1.283 Loaded shared library c:\Users\ASUS\.vscode\extensions\redhat.java-1.52.0-win32-x64\jre\21.0.9-win32-x86_64\bin\verify.dll
Event: 25.655 Loaded shared library C:\Users\ASUS\AppData\Roaming\Code\User\globalStorage\redhat.java\1.52.0\config_win\org.eclipse.equinox.launcher\org.eclipse.equinox.launcher.win32.win32.x86_64_1.2.1500.v20260121-1430\eclipse_11919.dll
Event: 47.997 Loaded shared library C:\Users\ASUS\AppData\Local\Temp\jna-2018896\jna7742733725529728911.dll
Event: 51.548 Loaded shared library C:\Users\ASUS\.vscode\extensions\redhat.java-1.52.0-win32-x64\jre\21.0.9-win32-x86_64\bin\sunmscapi.dll
Event: 52.605 Loaded shared library C:\Users\ASUS\.vscode\extensions\redhat.java-1.52.0-win32-x64\jre\21.0.9-win32-x86_64\bin\extnet.dll

Deoptimization events (20 events):
Event: 134.547 Thread 0x000002847e4f4a30 Uncommon trap: trap_request=0xffffffc6 fr.pc=0x0000028408523778 relative=0x00000000000005d8
Event: 134.547 Thread 0x000002847e4f4a30 Uncommon trap: reason=bimorphic_or_optimized_type_check action=maybe_recompile pc=0x0000028408523778 method=org.eclipse.core.runtime.SubMonitor$RootInfo.checkForCancellation()V @ 4 c2
Event: 134.547 Thread 0x000002847e4f4a30 DEOPT PACKING pc=0x0000028408523778 sp=0x0000008c194feb30
Event: 134.547 Thread 0x000002847e4f4a30 DEOPT UNPACKING pc=0x0000028407583aa2 sp=0x0000008c194fea70 mode 2
Event: 134.547 Thread 0x0000028450565150 DEOPT PACKING pc=0x00000284016b09fb sp=0x0000008c19dfda90
Event: 134.547 Thread 0x0000028450565150 DEOPT UNPACKING pc=0x0000028407584242 sp=0x0000008c19dfcf00 mode 0
Event: 134.561 Thread 0x0000028450565150 DEOPT PACKING pc=0x00000284016b09fb sp=0x0000008c19dfda90
Event: 134.561 Thread 0x0000028450565150 DEOPT UNPACKING pc=0x0000028407584242 sp=0x0000008c19dfcf00 mode 0
Event: 135.816 Thread 0x000002847e4f4a30 Uncommon trap: trap_request=0xffffffc6 fr.pc=0x0000028408523778 relative=0x00000000000005d8
Event: 135.816 Thread 0x000002847e4f4a30 Uncommon trap: reason=bimorphic_or_optimized_type_check action=maybe_recompile pc=0x0000028408523778 method=org.eclipse.core.runtime.SubMonitor$RootInfo.checkForCancellation()V @ 4 c2
Event: 135.816 Thread 0x000002847e4f4a30 DEOPT PACKING pc=0x0000028408523778 sp=0x0000008c194feb10
Event: 135.816 Thread 0x000002847e4f4a30 DEOPT UNPACKING pc=0x0000028407583aa2 sp=0x0000008c194fea50 mode 2
Event: 135.838 Thread 0x000002847e4f4a30 Uncommon trap: trap_request=0xffffff45 fr.pc=0x0000028408088518 relative=0x00000000000002b8
Event: 135.838 Thread 0x000002847e4f4a30 Uncommon trap: reason=unstable_if action=reinterpret pc=0x0000028408088518 method=org.eclipse.jdt.internal.core.util.Util.indexOfJavaLikeExtension(Ljava/lang/String;)I @ 46 c2
Event: 135.838 Thread 0x000002847e4f4a30 DEOPT PACKING pc=0x0000028408088518 sp=0x0000008c194fe8f0
Event: 135.838 Thread 0x000002847e4f4a30 DEOPT UNPACKING pc=0x0000028407583aa2 sp=0x0000008c194fe868 mode 2
Event: 135.857 Thread 0x000002847e4f4a30 Uncommon trap: trap_request=0xffffffde fr.pc=0x00000284084ee690 relative=0x0000000000000ef0
Event: 135.857 Thread 0x000002847e4f4a30 Uncommon trap: reason=class_check action=maybe_recompile pc=0x00000284084ee690 method=com.google.gson.stream.JsonWriter.string(Ljava/lang/String;)V @ 23 c2
Event: 135.857 Thread 0x000002847e4f4a30 DEOPT PACKING pc=0x00000284084ee690 sp=0x0000008c194fe760
Event: 135.857 Thread 0x000002847e4f4a30 DEOPT UNPACKING pc=0x0000028407583aa2 sp=0x0000008c194fe728 mode 2

Classes loaded (20 events):
Event: 80.720 Loading class java/lang/invoke/MethodHandleImpl$CountingWrapper$1
Event: 80.721 Loading class java/lang/invoke/MethodHandleImpl$CountingWrapper$1 done
Event: 84.069 Loading class java/util/stream/ReferencePipeline$4
Event: 84.070 Loading class java/util/stream/ReferencePipeline$4 done
Event: 84.081 Loading class java/util/stream/Nodes$IntFixedNodeBuilder
Event: 84.082 Loading class java/util/stream/Node$Builder$OfInt
Event: 84.083 Loading class java/util/stream/Node$Builder$OfInt done
Event: 84.083 Loading class java/util/stream/Nodes$IntArrayNode
Event: 84.083 Loading class java/util/stream/Nodes$IntArrayNode done
Event: 84.083 Loading class java/util/stream/Nodes$IntFixedNodeBuilder done
Event: 84.086 Loading class java/util/stream/ReferencePipeline$4$1
Event: 84.088 Loading class java/util/stream/ReferencePipeline$4$1 done
Event: 84.715 Loading class java/lang/Throwable$WrappedPrintWriter
Event: 84.715 Loading class java/lang/Throwable$PrintStreamOrWriter
Event: 84.715 Loading class java/lang/Throwable$PrintStreamOrWriter done
Event: 84.715 Loading class java/lang/Throwable$WrappedPrintWriter done
Event: 132.385 Loading class java/util/stream/ReduceOps$4
Event: 132.385 Loading class java/util/stream/ReduceOps$4 done
Event: 132.385 Loading class java/util/stream/ReduceOps$4ReducingSink
Event: 132.386 Loading class java/util/stream/ReduceOps$4ReducingSink done

Classes unloaded (7 events):
Event: 48.883 Thread 0x0000028475a13b20 Unloading class 0x00000284101a3800 'java/lang/invoke/LambdaForm$MH+0x00000284101a3800'
Event: 48.883 Thread 0x0000028475a13b20 Unloading class 0x00000284101a3400 'java/lang/invoke/LambdaForm$MH+0x00000284101a3400'
Event: 48.883 Thread 0x0000028475a13b20 Unloading class 0x00000284101a3000 'java/lang/invoke/LambdaForm$MH+0x00000284101a3000'
Event: 48.883 Thread 0x0000028475a13b20 Unloading class 0x00000284101a2c00 'java/lang/invoke/LambdaForm$MH+0x00000284101a2c00'
Event: 48.883 Thread 0x0000028475a13b20 Unloading class 0x00000284101a2800 'java/lang/invoke/LambdaForm$BMH+0x00000284101a2800'
Event: 48.883 Thread 0x0000028475a13b20 Unloading class 0x00000284101a2400 'java/lang/invoke/LambdaForm$DMH+0x00000284101a2400'
Event: 48.883 Thread 0x0000028475a13b20 Unloading class 0x00000284101a1000 'java/lang/invoke/LambdaForm$DMH+0x00000284101a1000'

Classes redefined (0 events):
No events

Internal exceptions (20 events):
Event: 126.931 Thread 0x000002847cf1c910 Exception <a 'sun/nio/fs/WindowsException'{0x00000000d5626d78}> (0x00000000d5626d78) 
thrown [s\src\hotspot\share\prims\jni.cpp, line 520]
Event: 127.770 Thread 0x000002847cf1c910 Exception <a 'sun/nio/fs/WindowsException'{0x00000000d5815548}> (0x00000000d5815548) 
thrown [s\src\hotspot\share\prims\jni.cpp, line 520]
Event: 127.871 Thread 0x000002847cf1c910 Exception <a 'sun/nio/fs/WindowsException'{0x00000000d575e358}> (0x00000000d575e358) 
thrown [s\src\hotspot\share\prims\jni.cpp, line 520]
Event: 127.903 Thread 0x000002847cf1c910 Implicit null exception at 0x0000028408209917 to 0x000002840820ad88
Event: 127.904 Thread 0x000002847cf1c910 Implicit null exception at 0x000002840807fdc2 to 0x0000028408082410
Event: 127.937 Thread 0x000002847cf1c910 Implicit null exception at 0x0000028407f899b9 to 0x0000028407f8b398
Event: 132.496 Thread 0x000002847cf1c910 Exception <a 'java/lang/NoSuchMethodError'{0x00000000d55d0b00}: 'void java.lang.invoke.DirectMethodHandle$Holder.invokeVirtual(java.lang.Object, java.lang.Object, java.lang.Object, java.lang.Object, java.lang.Object)'> (0x00000000d55d0b00) 
thrown [s\src\hotspot\share\interpreter\linkResolver.cpp, line 773]
Event: 133.005 Thread 0x000002847cf1c910 Exception <a 'sun/nio/fs/WindowsException'{0x00000000d56a72f0}> (0x00000000d56a72f0) 
thrown [s\src\hotspot\share\prims\jni.cpp, line 520]
Event: 134.455 Thread 0x000002847e4f43a0 Exception <a 'java/lang/IncompatibleClassChangeError'{0x00000000d55b9d38}: Found class java.lang.Object, but interface was expected> (0x00000000d55b9d38) 
thrown [s\src\hotspot\share\interpreter\linkResolver.cpp, line 840]
Event: 134.466 Thread 0x0000028450565150 Exception <a 'sun/nio/fs/WindowsException'{0x00000000d5688cd0}> (0x00000000d5688cd0) 
thrown [s\src\hotspot\share\prims\jni.cpp, line 520]
Event: 134.466 Thread 0x0000028450565150 Exception <a 'sun/nio/fs/WindowsException'{0x00000000d5692400}> (0x00000000d5692400) 
thrown [s\src\hotspot\share\prims\jni.cpp, line 520]
Event: 134.467 Thread 0x0000028450565150 Exception <a 'sun/nio/fs/WindowsException'{0x00000000d569d780}> (0x00000000d569d780) 
thrown [s\src\hotspot\share\prims\jni.cpp, line 520]
Event: 134.467 Thread 0x0000028450565150 Exception <a 'sun/nio/fs/WindowsException'{0x00000000d569e3d0}> (0x00000000d569e3d0) 
thrown [s\src\hotspot\share\prims\jni.cpp, line 520]
Event: 134.468 Thread 0x0000028450565150 Exception <a 'sun/nio/fs/WindowsException'{0x00000000d56a0630}> (0x00000000d56a0630) 
thrown [s\src\hotspot\share\prims\jni.cpp, line 520]
Event: 134.469 Thread 0x0000028450565150 Exception <a 'sun/nio/fs/WindowsException'{0x00000000d56a12b0}> (0x00000000d56a12b0) 
thrown [s\src\hotspot\share\prims\jni.cpp, line 520]
Event: 134.470 Thread 0x000002847e4f4a30 Exception <a 'java/lang/NoSuchMethodError'{0x00000000d56c06b0}: 'java.lang.Object java.lang.invoke.DirectMethodHandle$Holder.invokeSpecial(java.lang.Object, java.lang.Object, java.lang.Object, java.lang.Object, int, java.lang.Object, java.lang.Object)'> (0x00000000d56c06b0) 
thrown [s\src\hotspot\share\interpreter\linkResolver.cpp, line 773]
Event: 134.471 Thread 0x0000028450564ac0 Exception <a 'java/lang/ArrayIndexOutOfBoundsException'{0x00000000d570cf30}> (0x00000000d570cf30) 
thrown [s\src\hotspot\share\runtime\sharedRuntime.cpp, line 625]
Event: 134.483 Thread 0x0000028450565150 Exception <a 'sun/nio/fs/WindowsException'{0x00000000d56409e0}> (0x00000000d56409e0) 
thrown [s\src\hotspot\share\prims\jni.cpp, line 520]
Event: 134.483 Thread 0x0000028450565150 Exception <a 'sun/nio/fs/WindowsException'{0x00000000d56494e8}> (0x00000000d56494e8) 
thrown [s\src\hotspot\share\prims\jni.cpp, line 520]
Event: 134.535 Thread 0x000002847e4f4a30 Exception <a 'java/lang/NoSuchMethodError'{0x00000000d56fa428}: 'java.lang.Object java.lang.invoke.DirectMethodHandle$Holder.invokeStaticInit(java.lang.Object, java.lang.Object, java.lang.Object)'> (0x00000000d56fa428) 
thrown [s\src\hotspot\share\interpreter\linkResolver.cpp, line 773]

ZGC Phase Switch (0 events):
No events

VM Operations (20 events):
Event: 3669.659 Executing VM operation: HandshakeAllThreads (HandshakeForDeflation)
Event: 3669.659 Executing VM operation: HandshakeAllThreads (HandshakeForDeflation) done
Event: 3669.659 Executing VM operation: RendezvousGCThreads
Event: 3669.659 Executing VM operation: RendezvousGCThreads done
Event: 4150.711 Executing VM operation: HandshakeAllThreads (HandshakeForDeflation)
Event: 4150.714 Executing VM operation: HandshakeAllThreads (HandshakeForDeflation) done
Event: 4150.714 Executing VM operation: RendezvousGCThreads
Event: 4150.714 Executing VM operation: RendezvousGCThreads done
Event: 4391.223 Executing VM operation: HandshakeAllThreads (HandshakeForDeflation)
Event: 4391.223 Executing VM operation: HandshakeAllThreads (HandshakeForDeflation) done
Event: 4391.223 Executing VM operation: RendezvousGCThreads
Event: 4391.223 Executing VM operation: RendezvousGCThreads done
Event: 4451.233 Executing VM operation: HandshakeAllThreads (HandshakeForDeflation)
Event: 4451.237 Executing VM operation: HandshakeAllThreads (HandshakeForDeflation) done
Event: 4451.238 Executing VM operation: RendezvousGCThreads
Event: 4451.239 Executing VM operation: RendezvousGCThreads done
Event: 4511.928 Executing VM operation: HandshakeAllThreads (HandshakeForDeflation)
Event: 4513.097 Executing VM operation: HandshakeAllThreads (HandshakeForDeflation) done
Event: 4513.155 Executing VM operation: RendezvousGCThreads
Event: 4513.196 Executing VM operation: RendezvousGCThreads done

Memory protections (0 events):
No events

Nmethod flushes (20 events):
Event: 57.119 Thread 0x0000028475a13b20 flushing  nmethod 0x0000028400a44f90
Event: 57.119 Thread 0x0000028475a13b20 flushing  nmethod 0x0000028400a45410
Event: 57.119 Thread 0x0000028475a13b20 flushing  nmethod 0x0000028400a45a10
Event: 57.119 Thread 0x0000028475a13b20 flushing  nmethod 0x0000028400a45e10
Event: 57.119 Thread 0x0000028475a13b20 flushing  nmethod 0x0000028400a47390
Event: 57.119 Thread 0x0000028475a13b20 flushing  nmethod 0x0000028400a68890
Event: 57.119 Thread 0x0000028475a13b20 flushing  nmethod 0x0000028400a7d990
Event: 57.119 Thread 0x0000028475a13b20 flushing  nmethod 0x0000028400a7f010
Event: 57.119 Thread 0x0000028475a13b20 flushing  nmethod 0x0000028400a7f390
Event: 57.119 Thread 0x0000028475a13b20 flushing  nmethod 0x0000028400a7f890
Event: 57.119 Thread 0x0000028475a13b20 flushing  nmethod 0x0000028400a80490
Event: 57.119 Thread 0x0000028475a13b20 flushing  nmethod 0x0000028400a81c10
Event: 57.119 Thread 0x0000028475a13b20 flushing osr nmethod 0x0000028400a86090
Event: 57.119 Thread 0x0000028475a13b20 flushing  nmethod 0x0000028400aa6790
Event: 57.119 Thread 0x0000028475a13b20 flushing  nmethod 0x0000028400aa7990
Event: 57.119 Thread 0x0000028475a13b20 flushing  nmethod 0x0000028400aad010
Event: 57.119 Thread 0x0000028475a13b20 flushing  nmethod 0x0000028400aae310
Event: 57.119 Thread 0x0000028475a13b20 flushing  nmethod 0x0000028400aae910
Event: 57.119 Thread 0x0000028475a13b20 flushing  nmethod 0x0000028400aafa90
Event: 57.119 Thread 0x0000028475a13b20 flushing  nmethod 0x0000028400ab9710

Events (20 events):
Event: 132.412 Thread 0x000002847792fab0 Thread added: 0x000002847fa264e0
Event: 134.397 Thread 0x000002847fa264e0 Thread exited: 0x000002847fa264e0
Event: 134.477 Thread 0x000002847792fab0 Thread added: 0x000002847fa28020
Event: 134.800 Thread 0x000002847fa28020 Thread exited: 0x000002847fa28020
Event: 135.905 Thread 0x000002847792fab0 Thread added: 0x000002847fa264e0
Event: 141.005 Thread 0x000002847fa264e0 Thread exited: 0x000002847fa264e0
Event: 193.036 Thread 0x000002847cf1e350 Thread exited: 0x000002847cf1e350
Event: 194.450 Thread 0x000002847cf1d630 Thread exited: 0x000002847cf1d630
Event: 195.973 Thread 0x000002847cf1cfa0 Thread exited: 0x000002847cf1cfa0
Event: 231.545 Thread 0x000002847e4f4a30 Thread exited: 0x000002847e4f4a30
Event: 291.546 Thread 0x0000028450565150 Thread exited: 0x0000028450565150
Event: 351.546 Thread 0x000002847e4eee50 Thread exited: 0x000002847e4eee50
Event: 411.547 Thread 0x0000028450563da0 Thread exited: 0x0000028450563da0
Event: 471.547 Thread 0x000002847e4ef4e0 Thread exited: 0x000002847e4ef4e0
Event: 531.548 Thread 0x0000028450560fb0 Thread exited: 0x0000028450560fb0
Event: 591.549 Thread 0x0000028450564ac0 Thread exited: 0x0000028450564ac0
Event: 651.553 Thread 0x000002847e4f50c0 Thread exited: 0x000002847e4f50c0
Event: 711.553 Thread 0x000002847e4edaa0 Thread exited: 0x000002847e4edaa0
Event: 771.553 Thread 0x0000028450560920 Thread exited: 0x0000028450560920
Event: 831.554 Thread 0x0000028450561cd0 Thread exited: 0x0000028450561cd0


Dynamic libraries:
0x00007ff6cbe80000 - 0x00007ff6cbe8e000 	c:\Users\ASUS\.vscode\extensions\redhat.java-1.52.0-win32-x64\jre\21.0.9-win32-x86_64\bin\java.exe
0x00007ffd013b0000 - 0x00007ffd015c8000 	C:\WINDOWS\SYSTEM32\ntdll.dll
0x00007ffd00300000 - 0x00007ffd003c4000 	C:\WINDOWS\System32\KERNEL32.DLL
0x00007ffcfe5e0000 - 0x00007ffcfe9b3000 	C:\WINDOWS\System32\KERNELBASE.dll
0x00007ffcfeb60000 - 0x00007ffcfec71000 	C:\WINDOWS\System32\ucrtbase.dll
0x00007ffbe7670000 - 0x00007ffbe7688000 	c:\Users\ASUS\.vscode\extensions\redhat.java-1.52.0-win32-x64\jre\21.0.9-win32-x86_64\bin\jli.dll
0x00007ffd00d10000 - 0x00007ffd00ec2000 	C:\WINDOWS\System32\USER32.dll
0x00007ffcfef60000 - 0x00007ffcfef86000 	C:\WINDOWS\System32\win32u.dll
0x00007ffd00bb0000 - 0x00007ffd00bd9000 	C:\WINDOWS\System32\GDI32.dll
0x00007ffcfec80000 - 0x00007ffcfed9b000 	C:\WINDOWS\System32\gdi32full.dll
0x00007ffcfe4c0000 - 0x00007ffcfe55a000 	C:\WINDOWS\System32\msvcp_win.dll
0x00007ffbe7690000 - 0x00007ffbe76ae000 	c:\Users\ASUS\.vscode\extensions\redhat.java-1.52.0-win32-x64\jre\21.0.9-win32-x86_64\bin\VCRUNTIME140.dll
0x00007ffce7800000 - 0x00007ffce7a9c000 	C:\WINDOWS\WinSxS\amd64_microsoft.windows.common-controls_6595b64144ccf1df_6.0.22621.6060_none_2712eda17382d24b\COMCTL32.dll
0x00007ffd00250000 - 0x00007ffd002f7000 	C:\WINDOWS\System32\msvcrt.dll
0x00007ffcff120000 - 0x00007ffcff151000 	C:\WINDOWS\System32\IMM32.DLL
0x00007ffc85230000 - 0x00007ffc8523c000 	c:\Users\ASUS\.vscode\extensions\redhat.java-1.52.0-win32-x64\jre\21.0.9-win32-x86_64\bin\vcruntime140_1.dll
0x00007ffbe7870000 - 0x00007ffbe78fd000 	c:\Users\ASUS\.vscode\extensions\redhat.java-1.52.0-win32-x64\jre\21.0.9-win32-x86_64\bin\msvcp140.dll
0x00007ffbe6820000 - 0x00007ffbe75c0000 	c:\Users\ASUS\.vscode\extensions\redhat.java-1.52.0-win32-x64\jre\21.0.9-win32-x86_64\bin\server\jvm.dll
0x00007ffcff160000 - 0x00007ffcff211000 	C:\WINDOWS\System32\ADVAPI32.dll
0x00007ffcffd50000 - 0x00007ffcffdf8000 	C:\WINDOWS\System32\sechost.dll
0x00007ffcfeb30000 - 0x00007ffcfeb58000 	C:\WINDOWS\System32\bcrypt.dll
0x00007ffd00450000 - 0x00007ffd00568000 	C:\WINDOWS\System32\RPCRT4.dll
0x00007ffd001d0000 - 0x00007ffd00241000 	C:\WINDOWS\System32\WS2_32.dll
0x00007ffcfe1e0000 - 0x00007ffcfe22d000 	C:\WINDOWS\SYSTEM32\POWRPROF.dll
0x00007ffcf5350000 - 0x00007ffcf5384000 	C:\WINDOWS\SYSTEM32\WINMM.dll
0x00007ffce80e0000 - 0x00007ffce80ea000 	C:\WINDOWS\SYSTEM32\VERSION.dll
0x00007ffcfe1c0000 - 0x00007ffcfe1d3000 	C:\WINDOWS\SYSTEM32\UMPDC.dll
0x00007ffcfd470000 - 0x00007ffcfd488000 	C:\WINDOWS\SYSTEM32\kernel.appcore.dll
0x00007ffc851e0000 - 0x00007ffc851ea000 	c:\Users\ASUS\.vscode\extensions\redhat.java-1.52.0-win32-x64\jre\21.0.9-win32-x86_64\bin\jimage.dll
0x00007ffcfbe70000 - 0x00007ffcfc0a3000 	C:\WINDOWS\SYSTEM32\DBGHELP.DLL
0x00007ffd00810000 - 0x00007ffd00ba1000 	C:\WINDOWS\System32\combase.dll
0x00007ffd00710000 - 0x00007ffd007e8000 	C:\WINDOWS\System32\OLEAUT32.dll
0x00007ffce7ac0000 - 0x00007ffce7af2000 	C:\WINDOWS\SYSTEM32\dbgcore.DLL
0x00007ffcfe560000 - 0x00007ffcfe5db000 	C:\WINDOWS\System32\bcryptPrimitives.dll
0x00007ffc83ab0000 - 0x00007ffc83abf000 	c:\Users\ASUS\.vscode\extensions\redhat.java-1.52.0-win32-x64\jre\21.0.9-win32-x86_64\bin\instrument.dll
0x00007ffbe76b0000 - 0x00007ffbe76d0000 	c:\Users\ASUS\.vscode\extensions\redhat.java-1.52.0-win32-x64\jre\21.0.9-win32-x86_64\bin\java.dll
0x00007ffcff220000 - 0x00007ffcffabc000 	C:\WINDOWS\System32\SHELL32.dll
0x00007ffcfeda0000 - 0x00007ffcfeedf000 	C:\WINDOWS\System32\wintypes.dll
0x00007ffcfc370000 - 0x00007ffcfcc8a000 	C:\WINDOWS\SYSTEM32\windows.storage.dll
0x00007ffd00600000 - 0x00007ffd00704000 	C:\WINDOWS\System32\SHCORE.dll
0x00007ffcffb20000 - 0x00007ffcffb89000 	C:\WINDOWS\System32\shlwapi.dll
0x00007ffcfe3f0000 - 0x00007ffcfe415000 	C:\WINDOWS\SYSTEM32\profapi.dll
0x00007ffbe7850000 - 0x00007ffbe7868000 	c:\Users\ASUS\.vscode\extensions\redhat.java-1.52.0-win32-x64\jre\21.0.9-win32-x86_64\bin\zip.dll
0x00007ffc69de0000 - 0x00007ffc69df0000 	C:\Users\ASUS\.vscode\extensions\redhat.java-1.52.0-win32-x64\jre\21.0.9-win32-x86_64\bin\net.dll
0x00007ffcf8770000 - 0x00007ffcf889c000 	C:\WINDOWS\SYSTEM32\WINHTTP.dll
0x00007ffcfd980000 - 0x00007ffcfd9e9000 	C:\WINDOWS\system32\mswsock.dll
0x00007ffbe67d0000 - 0x00007ffbe67e6000 	C:\Users\ASUS\.vscode\extensions\redhat.java-1.52.0-win32-x64\jre\21.0.9-win32-x86_64\bin\nio.dll
0x00007ffc68b50000 - 0x00007ffc68b60000 	c:\Users\ASUS\.vscode\extensions\redhat.java-1.52.0-win32-x64\jre\21.0.9-win32-x86_64\bin\verify.dll
0x00007ffbd1ab0000 - 0x00007ffbd1af5000 	C:\Users\ASUS\AppData\Roaming\Code\User\globalStorage\redhat.java\1.52.0\config_win\org.eclipse.equinox.launcher\org.eclipse.equinox.launcher.win32.win32.x86_64_1.2.1500.v20260121-1430\eclipse_11919.dll
0x00007ffcffe00000 - 0x00007ffcfffa1000 	C:\WINDOWS\System32\ole32.dll
0x00007ffcfdbd0000 - 0x00007ffcfdbeb000 	C:\WINDOWS\SYSTEM32\CRYPTSP.dll
0x00007ffcfd3d0000 - 0x00007ffcfd407000 	C:\WINDOWS\system32\rsaenh.dll
0x00007ffcfda70000 - 0x00007ffcfda98000 	C:\WINDOWS\SYSTEM32\USERENV.dll
0x00007ffcfdbf0000 - 0x00007ffcfdbfc000 	C:\WINDOWS\SYSTEM32\CRYPTBASE.dll
0x00007ffcfcf20000 - 0x00007ffcfcf4d000 	C:\WINDOWS\SYSTEM32\IPHLPAPI.DLL
0x00007ffd001c0000 - 0x00007ffd001c9000 	C:\WINDOWS\System32\NSI.dll
0x00007ffcd5070000 - 0x00007ffcd50b9000 	C:\Users\ASUS\AppData\Local\Temp\jna-2018896\jna7742733725529728911.dll
0x00007ffd003d0000 - 0x00007ffd003d8000 	C:\WINDOWS\System32\PSAPI.DLL
0x00007ffcf56a0000 - 0x00007ffcf56b9000 	C:\WINDOWS\SYSTEM32\dhcpcsvc6.DLL
0x00007ffcf5630000 - 0x00007ffcf564f000 	C:\WINDOWS\SYSTEM32\dhcpcsvc.DLL
0x00007ffcf6950000 - 0x00007ffcf695e000 	C:\Users\ASUS\.vscode\extensions\redhat.java-1.52.0-win32-x64\jre\21.0.9-win32-x86_64\bin\sunmscapi.dll
0x00007ffcfe9c0000 - 0x00007ffcfeb28000 	C:\WINDOWS\System32\CRYPT32.dll
0x00007ffcfdd70000 - 0x00007ffcfdd9e000 	C:\WINDOWS\SYSTEM32\ncrypt.dll
0x00007ffcfdd30000 - 0x00007ffcfdd67000 	C:\WINDOWS\SYSTEM32\NTASN1.dll
0x00007ffcfcf50000 - 0x00007ffcfd048000 	C:\WINDOWS\SYSTEM32\DNSAPI.dll
0x00007ffcf4ff0000 - 0x00007ffcf4ffa000 	C:\Windows\System32\rasadhlp.dll
0x00007ffcf4400000 - 0x00007ffcf4484000 	C:\WINDOWS\System32\fwpuclnt.dll
0x00007ffcf5810000 - 0x00007ffcf5819000 	C:\Users\ASUS\.vscode\extensions\redhat.java-1.52.0-win32-x64\jre\21.0.9-win32-x86_64\bin\extnet.dll

JVMTI agents:
c:\Users\ASUS\.vscode\extensions\redhat.java-1.52.0-win32-x64\lombok\lombok-1.18.39-4050.jar path:c:\Users\ASUS\.vscode\extensions\redhat.java-1.52.0-win32-x64\jre\21.0.9-win32-x86_64\bin\instrument.dll, loaded, initialized, instrumentlib options:none

dbghelp: loaded successfully - version: 4.0.5 - missing functions: none
symbol engine: initialized successfully - sym options: 0x614 - pdb path: .;c:\Users\ASUS\.vscode\extensions\redhat.java-1.52.0-win32-x64\jre\21.0.9-win32-x86_64\bin;C:\WINDOWS\SYSTEM32;C:\WINDOWS\WinSxS\amd64_microsoft.windows.common-controls_6595b64144ccf1df_6.0.22621.6060_none_2712eda17382d24b;c:\Users\ASUS\.vscode\extensions\redhat.java-1.52.0-win32-x64\jre\21.0.9-win32-x86_64\bin\server;C:\Users\ASUS\AppData\Roaming\Code\User\globalStorage\redhat.java\1.52.0\config_win\org.eclipse.equinox.launcher\org.eclipse.equinox.launcher.win32.win32.x86_64_1.2.1500.v20260121-1430;C:\Users\ASUS\AppData\Local\Temp\jna-2018896

VM Arguments:
jvm_args: --add-modules=ALL-SYSTEM --add-opens=java.base/java.util=ALL-UNNAMED --add-opens=java.base/java.lang=ALL-UNNAMED --add-opens=java.base/sun.nio.fs=ALL-UNNAMED -Declipse.application=org.eclipse.jdt.ls.core.id1 -Dosgi.bundles.defaultStartLevel=4 -Declipse.product=org.eclipse.jdt.ls.core.product -Djava.import.generatesMetadataFilesAtProjectRoot=false -DDetectVMInstallationsJob.disabled=true -Dfile.encoding=utf8 -XX:+UseParallelGC -XX:GCTimeRatio=4 -XX:AdaptiveSizePolicyWeight=90 -Dsun.zip.disableMemoryMapping=true -Xmx2G -Xms100m -Xlog:disable -javaagent:c:\Users\ASUS\.vscode\extensions\redhat.java-1.52.0-win32-x64\lombok\lombok-1.18.39-4050.jar -XX:+HeapDumpOnOutOfMemoryError -XX:HeapDumpPath=c:\Users\ASUS\AppData\Roaming\Code\User\workspaceStorage\a459df04ffad5cd8f5565320fc306e84\redhat.java -Daether.dependencyCollector.impl=bf 
java_command: c:\Users\ASUS\.vscode\extensions\redhat.java-1.52.0-win32-x64\server\plugins\org.eclipse.equinox.launcher_1.7.100.v20251111-0406.jar -configuration c:\Users\ASUS\AppData\Roaming\Code\User\globalStorage\redhat.java\1.52.0\config_win -data c:\Users\ASUS\AppData\Roaming\Code\User\workspaceStorage\a459df04ffad5cd8f5565320fc306e84\redhat.java\jdt_ws --pipe=\\.\pipe\lsp-669e2a3931f6360ef66d8020aee90029-sock
java_class_path (initial): c:\Users\ASUS\.vscode\extensions\redhat.java-1.52.0-win32-x64\server\plugins\org.eclipse.equinox.launcher_1.7.100.v20251111-0406.jar
Launcher Type: SUN_STANDARD

[Global flags]
    uintx AdaptiveSizePolicyWeight                 = 90                                        {product} {command line}
     intx CICompilerCount                          = 4                                         {product} {ergonomic}
    uintx GCTimeRatio                              = 4                                         {product} {command line}
     bool HeapDumpOnOutOfMemoryError               = true                                   {manageable} {command line}
    ccstr HeapDumpPath                             = c:\Users\ASUS\AppData\Roaming\Code\User\workspaceStorage\a459df04ffad5cd8f5565320fc306e84\redhat.java         {manageable} {command line}
   size_t InitialHeapSize                          = 104857600                                 {product} {command line}
   size_t MaxHeapSize                              = 2147483648                                {product} {command line}
   size_t MaxNewSize                               = 715653120                                 {product} {ergonomic}
   size_t MinHeapDeltaBytes                        = 524288                                    {product} {ergonomic}
   size_t MinHeapSize                              = 104857600                                 {product} {command line}
   size_t NewSize                                  = 34603008                                  {product} {ergonomic}
    uintx NonNMethodCodeHeapSize                   = 5839372                                {pd product} {ergonomic}
    uintx NonProfiledCodeHeapSize                  = 122909434                              {pd product} {ergonomic}
   size_t OldSize                                  = 70254592                                  {product} {ergonomic}
    uintx ProfiledCodeHeapSize                     = 122909434                              {pd product} {ergonomic}
    uintx ReservedCodeCacheSize                    = 251658240                              {pd product} {ergonomic}
     bool SegmentedCodeCache                       = true                                      {product} {ergonomic}
   size_t SoftMaxHeapSize                          = 2147483648                             {manageable} {ergonomic}
     bool UseCompressedOops                        = true                           {product lp64_product} {ergonomic}
     bool UseLargePagesIndividualAllocation        = false                                  {pd product} {ergonomic}
     bool UseParallelGC                            = true                                      {product} {command line}

Logging:
Log output configuration:
 #0: stdout all=off uptime,level,tags foldmultilines=false
 #1: stderr all=off uptime,level,tags foldmultilines=false

Release file:
JAVA_VERSION="21.0.9" 
MODULES="java.base java.compiler java.datatransfer java.xml java.prefs java.desktop java.instrument java.logging java.management java.security.sasl java.naming java.rmi java.management.rmi java.net.http java.scripting java.security.jgss java.transaction.xa java.sql java.sql.rowset java.xml.crypto java.se java.smartcardio jdk.accessibility jdk.internal.jvmstat jdk.attach jdk.charsets jdk.internal.opt jdk.zipfs jdk.compiler jdk.crypto.ec jdk.crypto.cryptoki jdk.crypto.mscapi jdk.dynalink jdk.internal.ed jdk.editpad jdk.hotspot.agent jdk.httpserver jdk.internal.le jdk.internal.vm.ci jdk.internal.vm.compiler jdk.internal.vm.compiler.management jdk.jartool jdk.javadoc jdk.jcmd jdk.management jdk.management.agent jdk.jconsole jdk.jdeps jdk.jdwp.agent jdk.jdi jdk.jfr jdk.jshell jdk.jsobject jdk.jstatd jdk.localedata jdk.management.jfr jdk.naming.dns jdk.naming.rmi jdk.net jdk.nio.mapmode jdk.random jdk.sctp jdk.security.auth jdk.security.jgss jdk.unsupported jdk.unsupported.desktop jdk.xml.dom" 

Environment Variables:
JAVA_HOME=C:\Program Files\Eclipse Adoptium\jdk-17.0.13.11-hotspot\
PATH=C:\Program Files\Eclipse Adoptium\jdk-17.0.13.11-hotspot\bin;C:\Program Files\Common Files\Oracle\Java\javapath;C:\Program Files\Docker\Docker\resources\bin;C:\Users\ASUS\AppData\Local\Programs\Python\Python312;C:\Users\ASUS\AppData\Local\Programs\Python\Python312\Scripts;C:\Program Files (x86)\protoc-27.1\bin;C:\Users\ASUS\go\bin;C:\Windows\System32;C:\Windows\System32\OpenSSH;C:\Program Files\Java\jdk-17\bin;C:\Program Files\Apache\Maven\apache-maven-3.9.9\bin;C:\Windows\System32\wbem;C:\Windows\System32\WindowsPowerShell\v1.0;C:\Users\ASUS\AppData\Roaming\npm;C:\Program Files\Microsoft SQL Server\150\Tools\Binn\;C:\Program Files\Microsoft SQL Server\Client SDK\ODBC\170\Tools\Binn\;C:\Program Files\dotnet\;C:\ProgramData\ComposerSetup\bin;C:\Program Files\Kubernetes\Minikube;C:\Program Files (x86)\Google\Cloud SDK\google-cloud-sdk\bin;C:\Users\ASUS\Downloads\rclone-v1.69.1-windows-amd64\rclone-v1.69.1-windows-amd64;C:\Program Files\Go\bin;C:\Users\ASUS\AppData\Roaming\nvm;C:\nvm4w\nodejs;C:\Users\ASUS\AppData\Roaming\nvm;C:\Program Files\php-7.2.20;C:\poppler\poppler-24.08.0\Library\bin;C:\Program Files\Tesseract-OCR;C:\Program Files\Amazon\AWSCLIV2\;C:\Program Files\nodejs\;C:\minikube;C:\Users\ASUS\Downloads\rclone-v1.69.1-windows-amd64\rclone-v1.69.1-windows-amd64;C:\Users\ASUS\go\bin;C:\Users\ASUS\AppData\Roaming\nvm;C:\nvm4w\nodejs;C:\Program Files\php-7.2.20;C:\poppler\poppler-24.08.0\Library\bin;C:\Users\ASUS\AppData\Roaming\npm;C:\Users\ASUS\go\bin;
USERNAME=ASUS
OS=Windows_NT
PROCESSOR_IDENTIFIER=Intel64 Family 6 Model 154 Stepping 4, GenuineIntel
TMP=C:\Users\ASUS\AppData\Local\Temp
TEMP=C:\Users\ASUS\AppData\Local\Temp




Periodic native trim disabled

---------------  S Y S T E M  ---------------

OS:
 Windows 11 , 64 bit Build 22621 (10.0.22621.5415)
OS uptime: 0 days 1:26 hours
Hyper-V role detected

CPU: total 12 (initial active 12) (6 cores per cpu, 2 threads per core) family 6 model 154 stepping 4 microcode 0x41b, cx8, cmov, fxsr, ht, mmx, 3dnowpref, sse, sse2, sse3, ssse3, sse4.1, sse4.2, popcnt, lzcnt, tsc, tscinvbit, avx, avx2, aes, erms, clmul, bmi1, bmi2, adx, sha, fma, vzeroupper, clflush, clflushopt, clwb, hv, serialize, rdtscp, rdpid, fsrm, f16c, cet_ibt, cet_ss
Processor Information for processor 0
  Max Mhz: 1300, Current Mhz: 1300, Mhz Limit: 1300
Processor Information for processor 1
  Max Mhz: 1300, Current Mhz: 1300, Mhz Limit: 1300
Processor Information for processor 2
  Max Mhz: 1300, Current Mhz: 1300, Mhz Limit: 1300
Processor Information for processor 3
  Max Mhz: 1300, Current Mhz: 1300, Mhz Limit: 1300
Processor Information for processor 4
  Max Mhz: 1300, Current Mhz: 900, Mhz Limit: 897
Processor Information for processor 5
  Max Mhz: 1300, Current Mhz: 900, Mhz Limit: 897
Processor Information for processor 6
  Max Mhz: 1300, Current Mhz: 900, Mhz Limit: 897
Processor Information for processor 7
  Max Mhz: 1300, Current Mhz: 900, Mhz Limit: 897
Processor Information for processor 8
  Max Mhz: 1300, Current Mhz: 900, Mhz Limit: 897
Processor Information for processor 9
  Max Mhz: 1300, Current Mhz: 900, Mhz Limit: 897
Processor Information for processor 10
  Max Mhz: 1300, Current Mhz: 900, Mhz Limit: 897
Processor Information for processor 11
  Max Mhz: 1300, Current Mhz: 900, Mhz Limit: 897

Memory: 4k page, system-wide physical 16078M (1030M free)
TotalPageFile size 54578M (AvailPageFile size 103M)
current process WorkingSet (physical memory assigned to process): 7M, peak: 1195M
current process commit charge ("private bytes"): 1284M, peak: 1287M

vm_info: OpenJDK 64-Bit Server VM (21.0.9+10-LTS) for windows-amd64 JRE (21.0.9+10-LTS), built on 2025-10-21T00:00:00Z by "admin" with unknown MS VC++:1942

END.
